2026-08-18T05:01:31+00:00 daily cycle 2026-08-18 starting (cycle-2026-08-18-a)
2026-08-18T05:01:31+00:00 evidence: ok
2026-08-18T05:01:31+00:00 channel: ok
2026-08-18T05:01:31+00:00 growth: ok
2026-08-18T05:01:31+00:00 attribution: ok
2026-08-18T05:01:31+00:00 census: ok
2026-08-18T05:01:31+00:00 absorb: ok
2026-08-18T05:01:31+00:00 daily cycle 2026-08-18 done
2026-08-18T08:30:23+00:00 daily cycle 2026-08-18 starting (cycle-2026-08-18-a)
2026-08-18T08:30:23+00:00 evidence: ok
2026-08-18T08:30:23+00:00 channel: ok
2026-08-18T08:30:23+00:00 growth: ok
2026-08-18T08:30:27+00:00 attribution: ok
2026-08-18T08:30:27+00:00 regime: ok
2026-08-18T08:30:27+00:00 census: ok
2026-08-18T08:30:27+00:00 decay: ok
2026-08-18T08:30:27+00:00 levers: ok
2026-08-18T08:30:27+00:00 mining: ok
2026-08-18T08:30:27+00:00 entries: ok
2026-08-18T08:30:27+00:00 absorb: ok
2026-08-18T08:30:27+00:00 daily cycle 2026-08-18 done
2026-08-19T19:01:40+00:00 daily cycle 2026-08-19 starting (cycle-2026-08-18-a)
2026-08-19T19:01:40+00:00 evidence: ok
2026-08-19T19:01:40+00:00 shadow: ok
2026-08-19T19:01:40+00:00 intake: ok
2026-08-19T19:01:40+00:00 channel: ok
2026-08-19T19:01:40+00:00 growth: ok
2026-08-19T19:01:48+00:00 attribution: ok
2026-08-19T19:01:48+00:00 regime: ok
2026-08-19T19:01:48+00:00 census: ok
2026-08-19T19:01:48+00:00 decay: ok
2026-08-19T19:01:48+00:00 levers: ok
2026-08-19T19:01:48+00:00 mining: ok
2026-08-19T19:01:48+00:00 entries: ok
2026-08-19T19:01:48+00:00 absorb: ok
2026-08-19T19:01:48+00:00 dry run: nothing sent, day NOT stamped -- the real run is still available without --force
2026-08-19T19:01:48+00:00 daily cycle 2026-08-19 done
